#-----------------------------------------------------------
# Vivado v2018.2 (64-bit)
# SW Build 2258646 on Thu Jun 14 20:03:12 MDT 2018
# IP Build 2256618 on Thu Jun 14 22:10:49 MDT 2018
# Start of session at: Sun Apr 19 18:42:26 2026
# Process ID: 6820
# Current directory: F:/DSD Labs/Lab 8/Lab8_Task1
# Command line: vivado.exe -gui_launcher_event rodinguilauncherevent5636 F:\DSD Labs\Lab 8\Lab8_Task1\Lab8_Task1.xpr
# Log file: F:/DSD Labs/Lab 8/Lab8_Task1/vivado.log
# Journal file: F:/DSD Labs/Lab 8/Lab8_Task1\vivado.jou
#-----------------------------------------------------------
start_gui
open_project {F:/DSD Labs/Lab 8/Lab8_Task1/Lab8_Task1.xpr}
INFO: [Project 1-313] Project file moved from 'F:/DSD Labs/Lab8_Task1' since last save.
Scanning sources...
Finished scanning sources
INFO: [IP_Flow 19-234] Refreshing IP repositories
INFO: [IP_Flow 19-1704] No user IP repositories specified
INFO: [IP_Flow 19-2313] Loaded Vivado IP repository 'F:/Xilinx/Vivado/2018.2/data/ip'.
open_project: Time (s): cpu = 00:00:19 ; elapsed = 00:00:17 . Memory (MB): peak = 759.590 ; gain = 94.203
update_compile_order -fileset sources_1
synth_design -rtl -name rtl_1
Command: synth_design -rtl -name rtl_1
Starting synth_design
Using part: xc7a100tcsg324-3
Top: full_adder
---------------------------------------------------------------------------------
Starting RTL Elaboration : Time (s): cpu = 00:00:05 ; elapsed = 00:00:06 . Memory (MB): peak = 886.383 ; gain = 93.371
---------------------------------------------------------------------------------
INFO: [Synth 8-6157] synthesizing module 'full_adder' [F:/DSD Labs/Lab 8/Lab8_Task1/Lab8_Task1.srcs/sources_1/new/Lab8_Task1.v:10]
INFO: [Synth 8-6157] synthesizing module 'half_adder' [F:/DSD Labs/Lab 8/Lab8_Task1/Lab8_Task1.srcs/sources_1/new/Lab8_Task1.v:2]
INFO: [Synth 8-6155] done synthesizing module 'half_adder' (1#1) [F:/DSD Labs/Lab 8/Lab8_Task1/Lab8_Task1.srcs/sources_1/new/Lab8_Task1.v:2]
WARNING: [Synth 8-3848] Net Carry in module/entity full_adder does not have driver. [F:/DSD Labs/Lab 8/Lab8_Task1/Lab8_Task1.srcs/sources_1/new/Lab8_Task1.v:16]
INFO: [Synth 8-6155] done synthesizing module 'full_adder' (2#1) [F:/DSD Labs/Lab 8/Lab8_Task1/Lab8_Task1.srcs/sources_1/new/Lab8_Task1.v:10]
---------------------------------------------------------------------------------
Finished RTL Elaboration : Time (s): cpu = 00:00:06 ; elapsed = 00:00:07 . Memory (MB): peak = 927.723 ; gain = 134.711
---------------------------------------------------------------------------------

Report Check Netlist: 
+------+------------------+-------+---------+-------+------------------+
|      |Item              |Errors |Warnings |Status |Description       |
+------+------------------+-------+---------+-------+------------------+
|1     |multi_driven_nets |      0|        0|Passed |Multi driven nets |
+------+------------------+-------+---------+-------+------------------+
---------------------------------------------------------------------------------
Start Handling Custom Attributes
---------------------------------------------------------------------------------
---------------------------------------------------------------------------------
Finished Handling Custom Attributes : Time (s): cpu = 00:00:06 ; elapsed = 00:00:08 . Memory (MB): peak = 927.723 ; gain = 134.711
---------------------------------------------------------------------------------
---------------------------------------------------------------------------------
Finished RTL Optimization Phase 1 : Time (s): cpu = 00:00:06 ; elapsed = 00:00:08 . Memory (MB): peak = 927.723 ; gain = 134.711
---------------------------------------------------------------------------------
INFO: [Device 21-403] Loading part xc7a100tcsg324-3
INFO: [Project 1-570] Preparing netlist for logic optimization

Processing XDC Constraints
Initializing timing engine
Parsing XDC File [F:/DSD Labs/Lab 8/Lab8_Task1/Lab8_Task1.srcs/constrs_1/new/Lab8_Task1.xdc]
Finished Parsing XDC File [F:/DSD Labs/Lab 8/Lab8_Task1/Lab8_Task1.srcs/constrs_1/new/Lab8_Task1.xdc]
Completed Processing XDC Constraints

INFO: [Opt 31-138] Pushed 0 inverter(s) to 0 load pin(s).
INFO: [Project 1-111] Unisim Transformation Summary:
No Unisim elements were transformed.

RTL Elaboration Complete:  : Time (s): cpu = 00:00:29 ; elapsed = 00:00:32 . Memory (MB): peak = 1259.746 ; gain = 466.734
8 Infos, 1 Warnings, 0 Critical Warnings and 0 Errors encountered.
synth_design completed successfully
synth_design: Time (s): cpu = 00:00:29 ; elapsed = 00:00:32 . Memory (MB): peak = 1259.746 ; gain = 466.734
launch_simulation
INFO: [Vivado 12-5682] Launching behavioral simulation in 'F:/DSD Labs/Lab 8/Lab8_Task1/Lab8_Task1.sim/sim_1/behav/xsim'
INFO: [SIM-utils-51] Simulation object is 'sim_1'
INFO: [SIM-utils-54] Inspecting design source files for 'full_adder_tb' in fileset 'sim_1'...
INFO: [USF-XSim-97] Finding global include files...
INFO: [USF-XSim-98] Fetching design files from 'sim_1'...
INFO: [USF-XSim-2] XSim::Compile design
INFO: [USF-XSim-61] Executing 'COMPILE and ANALYZE' step in 'F:/DSD Labs/Lab 8/Lab8_Task1/Lab8_Task1.sim/sim_1/behav/xsim'
"xvlog --incr --relax -prj full_adder_tb_vlog.prj"
INFO: [VRFC 10-2263] Analyzing Verilog file "F:/DSD Labs/Lab 8/Lab8_Task1/Lab8_Task1.srcs/sources_1/new/Lab8_Task1.v" into library xil_defaultlib
INFO: [VRFC 10-311] analyzing module half_adder
INFO: [VRFC 10-311] analyzing module full_adder
INFO: [VRFC 10-2458] undeclared symbol Carry, assumed default net type wire [F:/DSD Labs/Lab 8/Lab8_Task1/Lab8_Task1.srcs/sources_1/new/Lab8_Task1.v:16]
INFO: [VRFC 10-2263] Analyzing Verilog file "F:/DSD Labs/Lab 8/Lab8_Task1/Lab8_Task1.srcs/sim_1/new/Lab8_Task1_tb.v" into library xil_defaultlib
INFO: [VRFC 10-311] analyzing module full_adder_tb
INFO: [VRFC 10-2263] Analyzing Verilog file "F:/DSD Labs/Lab 8/Lab8_Task1/Lab8_Task1.sim/sim_1/behav/xsim/glbl.v" into library xil_defaultlib
INFO: [VRFC 10-311] analyzing module glbl
INFO: [USF-XSim-69] 'compile' step finished in '5' seconds
INFO: [USF-XSim-3] XSim::Elaborate design
INFO: [USF-XSim-61] Executing 'ELABORATE' step in 'F:/DSD Labs/Lab 8/Lab8_Task1/Lab8_Task1.sim/sim_1/behav/xsim'
Vivado Simulator 2018.2
Copyright 1986-1999, 2001-2018 Xilinx, Inc. All Rights Reserved.
Running: F:/Xilinx/Vivado/2018.2/bin/unwrapped/win64.o/xelab.exe -wto aa1e6f865cab4ecca5f1cdd982dc305a --incr --debug typical --relax --mt 2 -L xil_defaultlib -L unisims_ver -L unimacro_ver -L secureip --snapshot full_adder_tb_behav xil_defaultlib.full_adder_tb xil_defaultlib.glbl -log elaborate.log 
Using 2 slave threads.
Starting static elaboration
Completed static elaboration
Starting simulation data flow analysis
Completed simulation data flow analysis
Time Resolution for simulation is 1ps
Compiling module xil_defaultlib.half_adder
Compiling module xil_defaultlib.full_adder
Compiling module xil_defaultlib.full_adder_tb
Compiling module xil_defaultlib.glbl
Built simulation snapshot full_adder_tb_behav

****** Webtalk v2018.2 (64-bit)
  **** SW Build 2258646 on Thu Jun 14 20:03:12 MDT 2018
  **** IP Build 2256618 on Thu Jun 14 22:10:49 MDT 2018
    ** Copyright 1986-2018 Xilinx, Inc. All Rights Reserved.

source F:/DSD -notrace
couldn't read file "F:/DSD": no such file or directory
INFO: [Common 17-206] Exiting Webtalk at Sun Apr 19 19:00:02 2026...
run_program: Time (s): cpu = 00:00:00 ; elapsed = 00:00:11 . Memory (MB): peak = 1271.238 ; gain = 0.219
INFO: [USF-XSim-69] 'elaborate' step finished in '10' seconds
INFO: [USF-XSim-4] XSim::Simulate design
INFO: [USF-XSim-61] Executing 'SIMULATE' step in 'F:/DSD Labs/Lab 8/Lab8_Task1/Lab8_Task1.sim/sim_1/behav/xsim'
INFO: [USF-XSim-98] *** Running xsim
   with args "full_adder_tb_behav -key {Behavioral:sim_1:Functional:full_adder_tb} -tclbatch {full_adder_tb.tcl} -view {{F:/DSD Labs/Lab 8/Lab8_Task1/full_adder_tb_behav.wcfg}} -log {simulate.log}"
INFO: [USF-XSim-8] Loading simulator feature
Vivado Simulator 2018.2
Time resolution is 1 ps
open_wave_config {F:/DSD Labs/Lab 8/Lab8_Task1/full_adder_tb_behav.wcfg}
source full_adder_tb.tcl
# set curr_wave [current_wave_config]
# if { [string length $curr_wave] == 0 } {
#   if { [llength [get_objects]] > 0} {
#     add_wave /
#     set_property needs_save false [current_wave_config]
#   } else {
#      send_msg_id Add_Wave-1 WARNING "No top level signals found. Simulator will start without a wave window. If you want to open a wave window go to 'File->New Waveform Configuration' or type 'create_wave_config' in the TCL console."
#   }
# }
# run 1000ns
$finish called at time : 70 ns : File "F:/DSD Labs/Lab 8/Lab8_Task1/Lab8_Task1.srcs/sim_1/new/Lab8_Task1_tb.v" Line 18
xsim: Time (s): cpu = 00:00:06 ; elapsed = 00:00:09 . Memory (MB): peak = 1287.949 ; gain = 16.711
INFO: [USF-XSim-96] XSim completed. Design snapshot 'full_adder_tb_behav' loaded.
INFO: [USF-XSim-97] XSim simulation ran for 1000ns
launch_simulation: Time (s): cpu = 00:00:08 ; elapsed = 00:00:26 . Memory (MB): peak = 1287.949 ; gain = 16.930
reset_run synth_1
WARNING: [Vivado 12-1017] Problems encountered:
1. Failed to delete one or more files in run directory F:/DSD Labs/Lab 8/Lab8_Task1/Lab8_Task1.runs/synth_1

launch_runs synth_1
[Sun Apr 19 19:01:56 2026] Launched synth_1...
Run output will be captured here: F:/DSD Labs/Lab 8/Lab8_Task1/Lab8_Task1.runs/synth_1/runme.log
launch_runs impl_1
[Sun Apr 19 19:03:23 2026] Launched impl_1...
Run output will be captured here: F:/DSD Labs/Lab 8/Lab8_Task1/Lab8_Task1.runs/impl_1/runme.log
open_run impl_1
INFO: [Netlist 29-17] Analyzing 3 Unisim elements for replacement
INFO: [Netlist 29-28] Unisim Transformation completed in 0 CPU seconds
INFO: [Project 1-479] Netlist was created with Vivado 2018.2
INFO: [Project 1-570] Preparing netlist for logic optimization
INFO: [Timing 38-478] Restoring timing data from binary archive.
INFO: [Timing 38-479] Binary timing data restore complete.
INFO: [Project 1-856] Restoring constraints from binary archive.
INFO: [Project 1-853] Binary constraint restore complete.
Reading XDEF placement.
Reading placer database...
Reading XDEF routing.
Read XDEF File: Time (s): cpu = 00:00:00 ; elapsed = 00:00:00.125 . Memory (MB): peak = 1881.160 ; gain = 0.000
Restored from archive | CPU: 0.000000 secs | Memory: 0.000000 MB |
Finished XDEF File Restore: Time (s): cpu = 00:00:00 ; elapsed = 00:00:00.125 . Memory (MB): peak = 1881.160 ; gain = 0.000
INFO: [Project 1-111] Unisim Transformation Summary:
No Unisim elements were transformed.

open_run: Time (s): cpu = 00:00:28 ; elapsed = 00:00:32 . Memory (MB): peak = 1936.328 ; gain = 640.523
WARNING: [Timing 38-313] There are no user specified timing constraints. Timing constraints are needed for proper timing analysis.
launch_runs impl_1 -to_step write_bitstream
[Sun Apr 19 19:08:51 2026] Launched impl_1...
Run output will be captured here: F:/DSD Labs/Lab 8/Lab8_Task1/Lab8_Task1.runs/impl_1/runme.log
reset_run impl_1 -prev_step 
launch_runs impl_1 -to_step write_bitstream
[Sun Apr 19 19:11:15 2026] Launched impl_1...
Run output will be captured here: F:/DSD Labs/Lab 8/Lab8_Task1/Lab8_Task1.runs/impl_1/runme.log
open_hw
connect_hw_server
INFO: [Labtools 27-2285] Connecting to hw_server url TCP:localhost:3121
INFO: [Labtools 27-2222] Launching hw_server...
INFO: [Labtools 27-2221] Launch Output:

****** Xilinx hw_server v2018.2
  **** Build date : Jun 14 2018-20:42:52
    ** Copyright 1986-2018 Xilinx, Inc. All Rights Reserved.


connect_hw_server: Time (s): cpu = 00:00:01 ; elapsed = 00:00:05 . Memory (MB): peak = 1945.051 ; gain = 0.000
close_hw
reset_run impl_1 -prev_step 
launch_runs impl_1 -to_step write_bitstream
[Sun Apr 19 19:27:39 2026] Launched impl_1...
Run output will be captured here: F:/DSD Labs/Lab 8/Lab8_Task1/Lab8_Task1.runs/impl_1/runme.log
reset_run impl_1
launch_runs impl_1
[Sun Apr 19 19:30:09 2026] Launched impl_1...
Run output will be captured here: F:/DSD Labs/Lab 8/Lab8_Task1/Lab8_Task1.runs/impl_1/runme.log
refresh_design
INFO: [Netlist 29-17] Analyzing 3 Unisim elements for replacement
INFO: [Netlist 29-28] Unisim Transformation completed in 0 CPU seconds
INFO: [Project 1-479] Netlist was created with Vivado 2018.2
INFO: [Project 1-570] Preparing netlist for logic optimization
INFO: [Timing 38-478] Restoring timing data from binary archive.
INFO: [Timing 38-479] Binary timing data restore complete.
INFO: [Project 1-856] Restoring constraints from binary archive.
INFO: [Project 1-853] Binary constraint restore complete.
Reading XDEF placement.
Reading placer database...
Reading XDEF routing.
Read XDEF File: Time (s): cpu = 00:00:00 ; elapsed = 00:00:00.122 . Memory (MB): peak = 2616.574 ; gain = 0.000
Restored from archive | CPU: 0.000000 secs | Memory: 0.000000 MB |
Finished XDEF File Restore: Time (s): cpu = 00:00:00 ; elapsed = 00:00:00.123 . Memory (MB): peak = 2616.574 ; gain = 0.000
refresh_design: Time (s): cpu = 00:00:11 ; elapsed = 00:00:10 . Memory (MB): peak = 2639.512 ; gain = 32.262
WARNING: [Timing 38-313] There are no user specified timing constraints. Timing constraints are needed for proper timing analysis.
close_design
close_design
reset_run impl_1
launch_runs impl_1
[Sun Apr 19 19:34:05 2026] Launched impl_1...
Run output will be captured here: F:/DSD Labs/Lab 8/Lab8_Task1/Lab8_Task1.runs/impl_1/runme.log
open_run impl_1
INFO: [Netlist 29-17] Analyzing 3 Unisim elements for replacement
INFO: [Netlist 29-28] Unisim Transformation completed in 0 CPU seconds
INFO: [Project 1-479] Netlist was created with Vivado 2018.2
INFO: [Project 1-570] Preparing netlist for logic optimization
INFO: [Timing 38-478] Restoring timing data from binary archive.
INFO: [Timing 38-479] Binary timing data restore complete.
INFO: [Project 1-856] Restoring constraints from binary archive.
INFO: [Project 1-853] Binary constraint restore complete.
Reading XDEF placement.
Reading placer database...
Reading XDEF routing.
Read XDEF File: Time (s): cpu = 00:00:01 ; elapsed = 00:00:00.084 . Memory (MB): peak = 2640.531 ; gain = 0.000
Restored from archive | CPU: 1.000000 secs | Memory: 0.000000 MB |
Finished XDEF File Restore: Time (s): cpu = 00:00:01 ; elapsed = 00:00:00.086 . Memory (MB): peak = 2640.531 ; gain = 0.000
INFO: [Project 1-111] Unisim Transformation Summary:
No Unisim elements were transformed.

open_run: Time (s): cpu = 00:00:06 ; elapsed = 00:00:06 . Memory (MB): peak = 2640.531 ; gain = 0.000
WARNING: [Timing 38-313] There are no user specified timing constraints. Timing constraints are needed for proper timing analysis.
close_design
close_sim
INFO: [Simtcl 6-16] Simulation closed
close_project
exit
INFO: [Common 17-206] Exiting Vivado at Sun Apr 19 20:04:32 2026...
